[2026-07-08 15:18:07] local.ERROR: Invalid "en_EG,en;q=0.9,ar_EG;q=0.8,ar;q=0.7,en_GB;q=0.6,en_US;q=0.5" locale. {"exception":"[object] (Symfony\\Component\\Translation\\Exception\\InvalidArgumentException(code: 0): Invalid \"en_EG,en;q=0.9,ar_EG;q=0.8,ar;q=0.7,en_GB;q=0.6,en_US;q=0.5\" locale. at /home/faisal/new dev/DEV/Naqi/naqi-ess-full/vendor/symfony/translation/LocaleFallbackProvider.php:92)
[stacktrace]
#0 /home/faisal/new dev/DEV/Naqi/naqi-ess-full/vendor/symfony/translation/Translator.php(411): Symfony\\Component\\Translation\\LocaleFallbackProvider::validateLocale()
#1 /home/faisal/new dev/DEV/Naqi/naqi-ess-full/vendor/nesbot/carbon/src/Carbon/AbstractTranslator.php(177): Symfony\\Component\\Translation\\Translator->assertValidLocale()
#2 /home/faisal/new dev/DEV/Naqi/naqi-ess-full/vendor/nesbot/carbon/src/Carbon/AbstractTranslator.php(274): Carbon\\AbstractTranslator->resetMessages()
#3 /home/faisal/new dev/DEV/Naqi/naqi-ess-full/vendor/nesbot/carbon/src/Carbon/AbstractTranslator.php(380): Carbon\\AbstractTranslator->loadMessagesFromFile()
#4 /home/faisal/new dev/DEV/Naqi/naqi-ess-full/vendor/nesbot/carbon/src/Carbon/Traits/Localization.php(395): Carbon\\AbstractTranslator->setLocale()
#5 /home/faisal/new dev/DEV/Naqi/naqi-ess-full/vendor/nesbot/carbon/src/Carbon/Laravel/ServiceProvider.php(80): Carbon\\Carbon::setLocale()
#6 /home/faisal/new dev/DEV/Naqi/naqi-ess-full/vendor/nesbot/carbon/src/Carbon/Laravel/ServiceProvider.php(67): Carbon\\Laravel\\ServiceProvider->updateLocale()
#7 /home/faisal/new dev/DEV/Naqi/naqi-ess-full/vendor/laravel/framework/src/Illuminate/Events/Dispatcher.php(459): Carbon\\Laravel\\ServiceProvider->{closure:Carbon\\Laravel\\ServiceProvider::boot():66}()
#8 /home/faisal/new dev/DEV/Naqi/naqi-ess-full/vendor/laravel/framework/src/Illuminate/Events/Dispatcher.php(287): Illuminate\\Events\\Dispatcher->{closure:Illuminate\\Events\\Dispatcher::makeListener():454}()
#9 /home/faisal/new dev/DEV/Naqi/naqi-ess-full/vendor/laravel/framework/src/Illuminate/Events/Dispatcher.php(267): Illuminate\\Events\\Dispatcher->invokeListeners()
#10 /home/faisal/new dev/DEV/Naqi/naqi-ess-full/vendor/laravel/framework/src/Illuminate/Foundation/Application.php(1588): Illuminate\\Events\\Dispatcher->dispatch()
#11 /home/faisal/new dev/DEV/Naqi/naqi-ess-full/app/Http/Middleware/SetLocale.php(13): Illuminate\\Foundation\\Application->setLocale()
#12 /home/faisal/new dev/DEV/Naqi/naqi-ess-full/vendor/laravel/framework/src/Illuminate/Pipeline/Pipeline.php(209): App\\Http\\Middleware\\SetLocale->handle()
#13 /home/faisal/new dev/DEV/Naqi/naqi-ess-full/vendor/laravel/framework/src/Illuminate/Routing/Middleware/SubstituteBindings.php(51): Illuminate\\Pipeline\\Pipeline->{closure:{closure:Illuminate\\Pipeline\\Pipeline::carry():184}:185}()
#14 /home/faisal/new dev/DEV/Naqi/naqi-ess-full/vendor/laravel/framework/src/Illuminate/Pipeline/Pipeline.php(209): Illuminate\\Routing\\Middleware\\SubstituteBindings->handle()
#15 /home/faisal/new dev/DEV/Naqi/naqi-ess-full/vendor/laravel/framework/src/Illuminate/Foundation/Http/Middleware/VerifyCsrfToken.php(88): Illuminate\\Pipeline\\Pipeline->{closure:{closure:Illuminate\\Pipeline\\Pipeline::carry():184}:185}()
#16 /home/faisal/new dev/DEV/Naqi/naqi-ess-full/vendor/laravel/framework/src/Illuminate/Pipeline/Pipeline.php(209): Illuminate\\Foundation\\Http\\Middleware\\VerifyCsrfToken->handle()
#17 /home/faisal/new dev/DEV/Naqi/naqi-ess-full/vendor/laravel/framework/src/Illuminate/View/Middleware/ShareErrorsFromSession.php(49): Illuminate\\Pipeline\\Pipeline->{closure:{closure:Illuminate\\Pipeline\\Pipeline::carry():184}:185}()
#18 /home/faisal/new dev/DEV/Naqi/naqi-ess-full/vendor/laravel/framework/src/Illuminate/Pipeline/Pipeline.php(209): Illuminate\\View\\Middleware\\ShareErrorsFromSession->handle()
#19 /home/faisal/new dev/DEV/Naqi/naqi-ess-full/vendor/laravel/framework/src/Illuminate/Session/Middleware/StartSession.php(121): Illuminate\\Pipeline\\Pipeline->{closure:{closure:Illuminate\\Pipeline\\Pipeline::carry():184}:185}()
#20 /home/faisal/new dev/DEV/Naqi/naqi-ess-full/vendor/laravel/framework/src/Illuminate/Session/Middleware/StartSession.php(64): Illuminate\\Session\\Middleware\\StartSession->handleStatefulRequest()
#21 /home/faisal/new dev/DEV/Naqi/naqi-ess-full/vendor/laravel/framework/src/Illuminate/Pipeline/Pipeline.php(209): Illuminate\\Session\\Middleware\\StartSession->handle()
#22 /home/faisal/new dev/DEV/Naqi/naqi-ess-full/vendor/laravel/framework/src/Illuminate/Cookie/Middleware/AddQueuedCookiesToResponse.php(37): Illuminate\\Pipeline\\Pipeline->{closure:{closure:Illuminate\\Pipeline\\Pipeline::carry():184}:185}()
#23 /home/faisal/new dev/DEV/Naqi/naqi-ess-full/vendor/laravel/framework/src/Illuminate/Pipeline/Pipeline.php(209): Illuminate\\Cookie\\Middleware\\AddQueuedCookiesToResponse->handle()
#24 /home/faisal/new dev/DEV/Naqi/naqi-ess-full/vendor/laravel/framework/src/Illuminate/Cookie/Middleware/EncryptCookies.php(75): Illuminate\\Pipeline\\Pipeline->{closure:{closure:Illuminate\\Pipeline\\Pipeline::carry():184}:185}()
#25 /home/faisal/new dev/DEV/Naqi/naqi-ess-full/vendor/laravel/framework/src/Illuminate/Pipeline/Pipeline.php(209): Illuminate\\Cookie\\Middleware\\EncryptCookies->handle()
#26 /home/faisal/new dev/DEV/Naqi/naqi-ess-full/vendor/laravel/framework/src/Illuminate/Pipeline/Pipeline.php(127): Illuminate\\Pipeline\\Pipeline->{closure:{closure:Illuminate\\Pipeline\\Pipeline::carry():184}:185}()
#27 /home/faisal/new dev/DEV/Naqi/naqi-ess-full/vendor/laravel/framework/src/Illuminate/Routing/Router.php(807): Illuminate\\Pipeline\\Pipeline->then()
#28 /home/faisal/new dev/DEV/Naqi/naqi-ess-full/vendor/laravel/framework/src/Illuminate/Routing/Router.php(786): Illuminate\\Routing\\Router->runRouteWithinStack()
#29 /home/faisal/new dev/DEV/Naqi/naqi-ess-full/vendor/laravel/framework/src/Illuminate/Routing/Router.php(750): Illuminate\\Routing\\Router->runRoute()
#30 /home/faisal/new dev/DEV/Naqi/naqi-ess-full/vendor/laravel/framework/src/Illuminate/Routing/Router.php(739): Illuminate\\Routing\\Router->dispatchToRoute()
#31 /home/faisal/new dev/DEV/Naqi/naqi-ess-full/vendor/laravel/framework/src/Illuminate/Foundation/Http/Kernel.php(201): Illuminate\\Routing\\Router->dispatch()
#32 /home/faisal/new dev/DEV/Naqi/naqi-ess-full/vendor/laravel/framework/src/Illuminate/Pipeline/Pipeline.php(170): Illuminate\\Foundation\\Http\\Kernel->{closure:Illuminate\\Foundation\\Http\\Kernel::dispatchToRouter():198}()
#33 /home/faisal/new dev/DEV/Naqi/naqi-ess-full/vendor/laravel/framework/src/Illuminate/Foundation/Http/Middleware/TransformsRequest.php(21): Illuminate\\Pipeline\\Pipeline->{closure:Illuminate\\Pipeline\\Pipeline::prepareDestination():168}()
#34 /home/faisal/new dev/DEV/Naqi/naqi-ess-full/vendor/laravel/framework/src/Illuminate/Foundation/Http/Middleware/ConvertEmptyStringsToNull.php(31): Illuminate\\Foundation\\Http\\Middleware\\TransformsRequest->handle()
#35 /home/faisal/new dev/DEV/Naqi/naqi-ess-full/vendor/laravel/framework/src/Illuminate/Pipeline/Pipeline.php(209): Illuminate\\Foundation\\Http\\Middleware\\ConvertEmptyStringsToNull->handle()
#36 /home/faisal/new dev/DEV/Naqi/naqi-ess-full/vendor/laravel/framework/src/Illuminate/Foundation/Http/Middleware/TransformsRequest.php(21): Illuminate\\Pipeline\\Pipeline->{closure:{closure:Illuminate\\Pipeline\\Pipeline::carry():184}:185}()
#37 /home/faisal/new dev/DEV/Naqi/naqi-ess-full/vendor/laravel/framework/src/Illuminate/Foundation/Http/Middleware/TrimStrings.php(51): Illuminate\\Foundation\\Http\\Middleware\\TransformsRequest->handle()
#38 /home/faisal/new dev/DEV/Naqi/naqi-ess-full/vendor/laravel/framework/src/Illuminate/Pipeline/Pipeline.php(209): Illuminate\\Foundation\\Http\\Middleware\\TrimStrings->handle()
#39 /home/faisal/new dev/DEV/Naqi/naqi-ess-full/vendor/laravel/framework/src/Illuminate/Http/Middleware/ValidatePostSize.php(27): Illuminate\\Pipeline\\Pipeline->{closure:{closure:Illuminate\\Pipeline\\Pipeline::carry():184}:185}()
#40 /home/faisal/new dev/DEV/Naqi/naqi-ess-full/vendor/laravel/framework/src/Illuminate/Pipeline/Pipeline.php(209): Illuminate\\Http\\Middleware\\ValidatePostSize->handle()
#41 /home/faisal/new dev/DEV/Naqi/naqi-ess-full/vendor/laravel/framework/src/Illuminate/Foundation/Http/Middleware/PreventRequestsDuringMaintenance.php(110): Illuminate\\Pipeline\\Pipeline->{closure:{closure:Illuminate\\Pipeline\\Pipeline::carry():184}:185}()
#42 /home/faisal/new dev/DEV/Naqi/naqi-ess-full/vendor/laravel/framework/src/Illuminate/Pipeline/Pipeline.php(209): Illuminate\\Foundation\\Http\\Middleware\\PreventRequestsDuringMaintenance->handle()
#43 /home/faisal/new dev/DEV/Naqi/naqi-ess-full/vendor/laravel/framework/src/Illuminate/Http/Middleware/HandleCors.php(49): Illuminate\\Pipeline\\Pipeline->{closure:{closure:Illuminate\\Pipeline\\Pipeline::carry():184}:185}()
#44 /home/faisal/new dev/DEV/Naqi/naqi-ess-full/vendor/laravel/framework/src/Illuminate/Pipeline/Pipeline.php(209): Illuminate\\Http\\Middleware\\HandleCors->handle()
#45 /home/faisal/new dev/DEV/Naqi/naqi-ess-full/vendor/laravel/framework/src/Illuminate/Http/Middleware/TrustProxies.php(58): Illuminate\\Pipeline\\Pipeline->{closure:{closure:Illuminate\\Pipeline\\Pipeline::carry():184}:185}()
#46 /home/faisal/new dev/DEV/Naqi/naqi-ess-full/vendor/laravel/framework/src/Illuminate/Pipeline/Pipeline.php(209): Illuminate\\Http\\Middleware\\TrustProxies->handle()
#47 /home/faisal/new dev/DEV/Naqi/naqi-ess-full/vendor/laravel/framework/src/Illuminate/Foundation/Http/Middleware/InvokeDeferredCallbacks.php(22): Illuminate\\Pipeline\\Pipeline->{closure:{closure:Illuminate\\Pipeline\\Pipeline::carry():184}:185}()
#48 /home/faisal/new dev/DEV/Naqi/naqi-ess-full/vendor/laravel/framework/src/Illuminate/Pipeline/Pipeline.php(209): Illuminate\\Foundation\\Http\\Middleware\\InvokeDeferredCallbacks->handle()
#49 /home/faisal/new dev/DEV/Naqi/naqi-ess-full/vendor/laravel/framework/src/Illuminate/Pipeline/Pipeline.php(127): Illuminate\\Pipeline\\Pipeline->{closure:{closure:Illuminate\\Pipeline\\Pipeline::carry():184}:185}()
#50 /home/faisal/new dev/DEV/Naqi/naqi-ess-full/vendor/laravel/framework/src/Illuminate/Foundation/Http/Kernel.php(176): Illuminate\\Pipeline\\Pipeline->then()
#51 /home/faisal/new dev/DEV/Naqi/naqi-ess-full/vendor/laravel/framework/src/Illuminate/Foundation/Http/Kernel.php(145): Illuminate\\Foundation\\Http\\Kernel->sendRequestThroughRouter()
#52 /home/faisal/new dev/DEV/Naqi/naqi-ess-full/vendor/laravel/framework/src/Illuminate/Foundation/Application.php(1220): Illuminate\\Foundation\\Http\\Kernel->handle()
#53 /home/faisal/new dev/DEV/Naqi/naqi-ess-full/public/index.php(20): Illuminate\\Foundation\\Application->handleRequest()
#54 /home/faisal/new dev/DEV/Naqi/naqi-ess-full/vendor/laravel/framework/src/Illuminate/Foundation/resources/server.php(23): require_once('...')
#55 {main}
"} 
[2026-07-08 15:21:09] local.ERROR: Invalid "en_EG,en;q=0.9,ar_EG;q=0.8,ar;q=0.7,en_GB;q=0.6,en_US;q=0.5" locale. {"exception":"[object] (Symfony\\Component\\Translation\\Exception\\InvalidArgumentException(code: 0): Invalid \"en_EG,en;q=0.9,ar_EG;q=0.8,ar;q=0.7,en_GB;q=0.6,en_US;q=0.5\" locale. at /home/faisal/new dev/DEV/Naqi/naqi-ess-full/vendor/symfony/translation/LocaleFallbackProvider.php:92)
[stacktrace]
#0 /home/faisal/new dev/DEV/Naqi/naqi-ess-full/vendor/symfony/translation/Translator.php(411): Symfony\\Component\\Translation\\LocaleFallbackProvider::validateLocale()
#1 /home/faisal/new dev/DEV/Naqi/naqi-ess-full/vendor/nesbot/carbon/src/Carbon/AbstractTranslator.php(177): Symfony\\Component\\Translation\\Translator->assertValidLocale()
#2 /home/faisal/new dev/DEV/Naqi/naqi-ess-full/vendor/nesbot/carbon/src/Carbon/AbstractTranslator.php(274): Carbon\\AbstractTranslator->resetMessages()
#3 /home/faisal/new dev/DEV/Naqi/naqi-ess-full/vendor/nesbot/carbon/src/Carbon/AbstractTranslator.php(380): Carbon\\AbstractTranslator->loadMessagesFromFile()
#4 /home/faisal/new dev/DEV/Naqi/naqi-ess-full/vendor/nesbot/carbon/src/Carbon/Traits/Localization.php(395): Carbon\\AbstractTranslator->setLocale()
#5 /home/faisal/new dev/DEV/Naqi/naqi-ess-full/vendor/nesbot/carbon/src/Carbon/Laravel/ServiceProvider.php(80): Carbon\\Carbon::setLocale()
#6 /home/faisal/new dev/DEV/Naqi/naqi-ess-full/vendor/nesbot/carbon/src/Carbon/Laravel/ServiceProvider.php(67): Carbon\\Laravel\\ServiceProvider->updateLocale()
#7 /home/faisal/new dev/DEV/Naqi/naqi-ess-full/vendor/laravel/framework/src/Illuminate/Events/Dispatcher.php(459): Carbon\\Laravel\\ServiceProvider->{closure:Carbon\\Laravel\\ServiceProvider::boot():66}()
#8 /home/faisal/new dev/DEV/Naqi/naqi-ess-full/vendor/laravel/framework/src/Illuminate/Events/Dispatcher.php(287): Illuminate\\Events\\Dispatcher->{closure:Illuminate\\Events\\Dispatcher::makeListener():454}()
#9 /home/faisal/new dev/DEV/Naqi/naqi-ess-full/vendor/laravel/framework/src/Illuminate/Events/Dispatcher.php(267): Illuminate\\Events\\Dispatcher->invokeListeners()
#10 /home/faisal/new dev/DEV/Naqi/naqi-ess-full/vendor/laravel/framework/src/Illuminate/Foundation/Application.php(1588): Illuminate\\Events\\Dispatcher->dispatch()
#11 /home/faisal/new dev/DEV/Naqi/naqi-ess-full/app/Http/Middleware/SetLocale.php(13): Illuminate\\Foundation\\Application->setLocale()
#12 /home/faisal/new dev/DEV/Naqi/naqi-ess-full/vendor/laravel/framework/src/Illuminate/Pipeline/Pipeline.php(209): App\\Http\\Middleware\\SetLocale->handle()
#13 /home/faisal/new dev/DEV/Naqi/naqi-ess-full/vendor/laravel/framework/src/Illuminate/Routing/Middleware/SubstituteBindings.php(51): Illuminate\\Pipeline\\Pipeline->{closure:{closure:Illuminate\\Pipeline\\Pipeline::carry():184}:185}()
#14 /home/faisal/new dev/DEV/Naqi/naqi-ess-full/vendor/laravel/framework/src/Illuminate/Pipeline/Pipeline.php(209): Illuminate\\Routing\\Middleware\\SubstituteBindings->handle()
#15 /home/faisal/new dev/DEV/Naqi/naqi-ess-full/vendor/laravel/framework/src/Illuminate/Foundation/Http/Middleware/VerifyCsrfToken.php(88): Illuminate\\Pipeline\\Pipeline->{closure:{closure:Illuminate\\Pipeline\\Pipeline::carry():184}:185}()
#16 /home/faisal/new dev/DEV/Naqi/naqi-ess-full/vendor/laravel/framework/src/Illuminate/Pipeline/Pipeline.php(209): Illuminate\\Foundation\\Http\\Middleware\\VerifyCsrfToken->handle()
#17 /home/faisal/new dev/DEV/Naqi/naqi-ess-full/vendor/laravel/framework/src/Illuminate/View/Middleware/ShareErrorsFromSession.php(49): Illuminate\\Pipeline\\Pipeline->{closure:{closure:Illuminate\\Pipeline\\Pipeline::carry():184}:185}()
#18 /home/faisal/new dev/DEV/Naqi/naqi-ess-full/vendor/laravel/framework/src/Illuminate/Pipeline/Pipeline.php(209): Illuminate\\View\\Middleware\\ShareErrorsFromSession->handle()
#19 /home/faisal/new dev/DEV/Naqi/naqi-ess-full/vendor/laravel/framework/src/Illuminate/Session/Middleware/StartSession.php(121): Illuminate\\Pipeline\\Pipeline->{closure:{closure:Illuminate\\Pipeline\\Pipeline::carry():184}:185}()
#20 /home/faisal/new dev/DEV/Naqi/naqi-ess-full/vendor/laravel/framework/src/Illuminate/Session/Middleware/StartSession.php(64): Illuminate\\Session\\Middleware\\StartSession->handleStatefulRequest()
#21 /home/faisal/new dev/DEV/Naqi/naqi-ess-full/vendor/laravel/framework/src/Illuminate/Pipeline/Pipeline.php(209): Illuminate\\Session\\Middleware\\StartSession->handle()
#22 /home/faisal/new dev/DEV/Naqi/naqi-ess-full/vendor/laravel/framework/src/Illuminate/Cookie/Middleware/AddQueuedCookiesToResponse.php(37): Illuminate\\Pipeline\\Pipeline->{closure:{closure:Illuminate\\Pipeline\\Pipeline::carry():184}:185}()
#23 /home/faisal/new dev/DEV/Naqi/naqi-ess-full/vendor/laravel/framework/src/Illuminate/Pipeline/Pipeline.php(209): Illuminate\\Cookie\\Middleware\\AddQueuedCookiesToResponse->handle()
#24 /home/faisal/new dev/DEV/Naqi/naqi-ess-full/vendor/laravel/framework/src/Illuminate/Cookie/Middleware/EncryptCookies.php(75): Illuminate\\Pipeline\\Pipeline->{closure:{closure:Illuminate\\Pipeline\\Pipeline::carry():184}:185}()
#25 /home/faisal/new dev/DEV/Naqi/naqi-ess-full/vendor/laravel/framework/src/Illuminate/Pipeline/Pipeline.php(209): Illuminate\\Cookie\\Middleware\\EncryptCookies->handle()
#26 /home/faisal/new dev/DEV/Naqi/naqi-ess-full/vendor/laravel/framework/src/Illuminate/Pipeline/Pipeline.php(127): Illuminate\\Pipeline\\Pipeline->{closure:{closure:Illuminate\\Pipeline\\Pipeline::carry():184}:185}()
#27 /home/faisal/new dev/DEV/Naqi/naqi-ess-full/vendor/laravel/framework/src/Illuminate/Routing/Router.php(807): Illuminate\\Pipeline\\Pipeline->then()
#28 /home/faisal/new dev/DEV/Naqi/naqi-ess-full/vendor/laravel/framework/src/Illuminate/Routing/Router.php(786): Illuminate\\Routing\\Router->runRouteWithinStack()
#29 /home/faisal/new dev/DEV/Naqi/naqi-ess-full/vendor/laravel/framework/src/Illuminate/Routing/Router.php(750): Illuminate\\Routing\\Router->runRoute()
#30 /home/faisal/new dev/DEV/Naqi/naqi-ess-full/vendor/laravel/framework/src/Illuminate/Routing/Router.php(739): Illuminate\\Routing\\Router->dispatchToRoute()
#31 /home/faisal/new dev/DEV/Naqi/naqi-ess-full/vendor/laravel/framework/src/Illuminate/Foundation/Http/Kernel.php(201): Illuminate\\Routing\\Router->dispatch()
#32 /home/faisal/new dev/DEV/Naqi/naqi-ess-full/vendor/laravel/framework/src/Illuminate/Pipeline/Pipeline.php(170): Illuminate\\Foundation\\Http\\Kernel->{closure:Illuminate\\Foundation\\Http\\Kernel::dispatchToRouter():198}()
#33 /home/faisal/new dev/DEV/Naqi/naqi-ess-full/vendor/laravel/framework/src/Illuminate/Foundation/Http/Middleware/TransformsRequest.php(21): Illuminate\\Pipeline\\Pipeline->{closure:Illuminate\\Pipeline\\Pipeline::prepareDestination():168}()
#34 /home/faisal/new dev/DEV/Naqi/naqi-ess-full/vendor/laravel/framework/src/Illuminate/Foundation/Http/Middleware/ConvertEmptyStringsToNull.php(31): Illuminate\\Foundation\\Http\\Middleware\\TransformsRequest->handle()
#35 /home/faisal/new dev/DEV/Naqi/naqi-ess-full/vendor/laravel/framework/src/Illuminate/Pipeline/Pipeline.php(209): Illuminate\\Foundation\\Http\\Middleware\\ConvertEmptyStringsToNull->handle()
#36 /home/faisal/new dev/DEV/Naqi/naqi-ess-full/vendor/laravel/framework/src/Illuminate/Foundation/Http/Middleware/TransformsRequest.php(21): Illuminate\\Pipeline\\Pipeline->{closure:{closure:Illuminate\\Pipeline\\Pipeline::carry():184}:185}()
#37 /home/faisal/new dev/DEV/Naqi/naqi-ess-full/vendor/laravel/framework/src/Illuminate/Foundation/Http/Middleware/TrimStrings.php(51): Illuminate\\Foundation\\Http\\Middleware\\TransformsRequest->handle()
#38 /home/faisal/new dev/DEV/Naqi/naqi-ess-full/vendor/laravel/framework/src/Illuminate/Pipeline/Pipeline.php(209): Illuminate\\Foundation\\Http\\Middleware\\TrimStrings->handle()
#39 /home/faisal/new dev/DEV/Naqi/naqi-ess-full/vendor/laravel/framework/src/Illuminate/Http/Middleware/ValidatePostSize.php(27): Illuminate\\Pipeline\\Pipeline->{closure:{closure:Illuminate\\Pipeline\\Pipeline::carry():184}:185}()
#40 /home/faisal/new dev/DEV/Naqi/naqi-ess-full/vendor/laravel/framework/src/Illuminate/Pipeline/Pipeline.php(209): Illuminate\\Http\\Middleware\\ValidatePostSize->handle()
#41 /home/faisal/new dev/DEV/Naqi/naqi-ess-full/vendor/laravel/framework/src/Illuminate/Foundation/Http/Middleware/PreventRequestsDuringMaintenance.php(110): Illuminate\\Pipeline\\Pipeline->{closure:{closure:Illuminate\\Pipeline\\Pipeline::carry():184}:185}()
#42 /home/faisal/new dev/DEV/Naqi/naqi-ess-full/vendor/laravel/framework/src/Illuminate/Pipeline/Pipeline.php(209): Illuminate\\Foundation\\Http\\Middleware\\PreventRequestsDuringMaintenance->handle()
#43 /home/faisal/new dev/DEV/Naqi/naqi-ess-full/vendor/laravel/framework/src/Illuminate/Http/Middleware/HandleCors.php(49): Illuminate\\Pipeline\\Pipeline->{closure:{closure:Illuminate\\Pipeline\\Pipeline::carry():184}:185}()
#44 /home/faisal/new dev/DEV/Naqi/naqi-ess-full/vendor/laravel/framework/src/Illuminate/Pipeline/Pipeline.php(209): Illuminate\\Http\\Middleware\\HandleCors->handle()
#45 /home/faisal/new dev/DEV/Naqi/naqi-ess-full/vendor/laravel/framework/src/Illuminate/Http/Middleware/TrustProxies.php(58): Illuminate\\Pipeline\\Pipeline->{closure:{closure:Illuminate\\Pipeline\\Pipeline::carry():184}:185}()
#46 /home/faisal/new dev/DEV/Naqi/naqi-ess-full/vendor/laravel/framework/src/Illuminate/Pipeline/Pipeline.php(209): Illuminate\\Http\\Middleware\\TrustProxies->handle()
#47 /home/faisal/new dev/DEV/Naqi/naqi-ess-full/vendor/laravel/framework/src/Illuminate/Foundation/Http/Middleware/InvokeDeferredCallbacks.php(22): Illuminate\\Pipeline\\Pipeline->{closure:{closure:Illuminate\\Pipeline\\Pipeline::carry():184}:185}()
#48 /home/faisal/new dev/DEV/Naqi/naqi-ess-full/vendor/laravel/framework/src/Illuminate/Pipeline/Pipeline.php(209): Illuminate\\Foundation\\Http\\Middleware\\InvokeDeferredCallbacks->handle()
#49 /home/faisal/new dev/DEV/Naqi/naqi-ess-full/vendor/laravel/framework/src/Illuminate/Pipeline/Pipeline.php(127): Illuminate\\Pipeline\\Pipeline->{closure:{closure:Illuminate\\Pipeline\\Pipeline::carry():184}:185}()
#50 /home/faisal/new dev/DEV/Naqi/naqi-ess-full/vendor/laravel/framework/src/Illuminate/Foundation/Http/Kernel.php(176): Illuminate\\Pipeline\\Pipeline->then()
#51 /home/faisal/new dev/DEV/Naqi/naqi-ess-full/vendor/laravel/framework/src/Illuminate/Foundation/Http/Kernel.php(145): Illuminate\\Foundation\\Http\\Kernel->sendRequestThroughRouter()
#52 /home/faisal/new dev/DEV/Naqi/naqi-ess-full/vendor/laravel/framework/src/Illuminate/Foundation/Application.php(1220): Illuminate\\Foundation\\Http\\Kernel->handle()
#53 /home/faisal/new dev/DEV/Naqi/naqi-ess-full/public/index.php(20): Illuminate\\Foundation\\Application->handleRequest()
#54 /home/faisal/new dev/DEV/Naqi/naqi-ess-full/vendor/laravel/framework/src/Illuminate/Foundation/resources/server.php(23): require_once('...')
#55 {main}
"} 
[2026-07-08 16:14:58] local.ERROR: Route [login] not defined. {"exception":"[object] (Symfony\\Component\\Routing\\Exception\\RouteNotFoundException(code: 0): Route [login] not defined. at /home/faisal/new dev/DEV/Naqi/naqi-ess-full/vendor/laravel/framework/src/Illuminate/Routing/UrlGenerator.php:517)
[stacktrace]
#0 /home/faisal/new dev/DEV/Naqi/naqi-ess-full/vendor/laravel/framework/src/Illuminate/Foundation/helpers.php(853): Illuminate\\Routing\\UrlGenerator->route()
#1 /home/faisal/new dev/DEV/Naqi/naqi-ess-full/vendor/laravel/framework/src/Illuminate/Foundation/Configuration/ApplicationBuilder.php(278): route()
#2 [internal function]: Illuminate\\Foundation\\Configuration\\ApplicationBuilder->{closure:{closure:Illuminate\\Foundation\\Configuration\\ApplicationBuilder::withMiddleware():276}:278}()
#3 /home/faisal/new dev/DEV/Naqi/naqi-ess-full/vendor/laravel/framework/src/Illuminate/Auth/Middleware/Authenticate.php(118): call_user_func()
#4 /home/faisal/new dev/DEV/Naqi/naqi-ess-full/vendor/laravel/framework/src/Illuminate/Auth/Middleware/Authenticate.php(105): Illuminate\\Auth\\Middleware\\Authenticate->redirectTo()
#5 /home/faisal/new dev/DEV/Naqi/naqi-ess-full/vendor/laravel/framework/src/Illuminate/Auth/Middleware/Authenticate.php(88): Illuminate\\Auth\\Middleware\\Authenticate->unauthenticated()
#6 /home/faisal/new dev/DEV/Naqi/naqi-ess-full/vendor/laravel/framework/src/Illuminate/Auth/Middleware/Authenticate.php(62): Illuminate\\Auth\\Middleware\\Authenticate->authenticate()
#7 /home/faisal/new dev/DEV/Naqi/naqi-ess-full/vendor/laravel/framework/src/Illuminate/Pipeline/Pipeline.php(209): Illuminate\\Auth\\Middleware\\Authenticate->handle()
#8 /home/faisal/new dev/DEV/Naqi/naqi-ess-full/vendor/laravel/framework/src/Illuminate/Foundation/Http/Middleware/VerifyCsrfToken.php(88): Illuminate\\Pipeline\\Pipeline->{closure:{closure:Illuminate\\Pipeline\\Pipeline::carry():184}:185}()
#9 /home/faisal/new dev/DEV/Naqi/naqi-ess-full/vendor/laravel/framework/src/Illuminate/Pipeline/Pipeline.php(209): Illuminate\\Foundation\\Http\\Middleware\\VerifyCsrfToken->handle()
#10 /home/faisal/new dev/DEV/Naqi/naqi-ess-full/vendor/laravel/framework/src/Illuminate/View/Middleware/ShareErrorsFromSession.php(49): Illuminate\\Pipeline\\Pipeline->{closure:{closure:Illuminate\\Pipeline\\Pipeline::carry():184}:185}()
#11 /home/faisal/new dev/DEV/Naqi/naqi-ess-full/vendor/laravel/framework/src/Illuminate/Pipeline/Pipeline.php(209): Illuminate\\View\\Middleware\\ShareErrorsFromSession->handle()
#12 /home/faisal/new dev/DEV/Naqi/naqi-ess-full/vendor/laravel/framework/src/Illuminate/Session/Middleware/StartSession.php(121): Illuminate\\Pipeline\\Pipeline->{closure:{closure:Illuminate\\Pipeline\\Pipeline::carry():184}:185}()
#13 /home/faisal/new dev/DEV/Naqi/naqi-ess-full/vendor/laravel/framework/src/Illuminate/Session/Middleware/StartSession.php(64): Illuminate\\Session\\Middleware\\StartSession->handleStatefulRequest()
#14 /home/faisal/new dev/DEV/Naqi/naqi-ess-full/vendor/laravel/framework/src/Illuminate/Pipeline/Pipeline.php(209): Illuminate\\Session\\Middleware\\StartSession->handle()
#15 /home/faisal/new dev/DEV/Naqi/naqi-ess-full/vendor/laravel/framework/src/Illuminate/Cookie/Middleware/AddQueuedCookiesToResponse.php(37): Illuminate\\Pipeline\\Pipeline->{closure:{closure:Illuminate\\Pipeline\\Pipeline::carry():184}:185}()
#16 /home/faisal/new dev/DEV/Naqi/naqi-ess-full/vendor/laravel/framework/src/Illuminate/Pipeline/Pipeline.php(209): Illuminate\\Cookie\\Middleware\\AddQueuedCookiesToResponse->handle()
#17 /home/faisal/new dev/DEV/Naqi/naqi-ess-full/vendor/laravel/framework/src/Illuminate/Cookie/Middleware/EncryptCookies.php(75): Illuminate\\Pipeline\\Pipeline->{closure:{closure:Illuminate\\Pipeline\\Pipeline::carry():184}:185}()
#18 /home/faisal/new dev/DEV/Naqi/naqi-ess-full/vendor/laravel/framework/src/Illuminate/Pipeline/Pipeline.php(209): Illuminate\\Cookie\\Middleware\\EncryptCookies->handle()
#19 /home/faisal/new dev/DEV/Naqi/naqi-ess-full/vendor/laravel/framework/src/Illuminate/Pipeline/Pipeline.php(127): Illuminate\\Pipeline\\Pipeline->{closure:{closure:Illuminate\\Pipeline\\Pipeline::carry():184}:185}()
#20 /home/faisal/new dev/DEV/Naqi/naqi-ess-full/vendor/laravel/framework/src/Illuminate/Routing/Router.php(807): Illuminate\\Pipeline\\Pipeline->then()
#21 /home/faisal/new dev/DEV/Naqi/naqi-ess-full/vendor/laravel/framework/src/Illuminate/Routing/Router.php(786): Illuminate\\Routing\\Router->runRouteWithinStack()
#22 /home/faisal/new dev/DEV/Naqi/naqi-ess-full/vendor/laravel/framework/src/Illuminate/Routing/Router.php(750): Illuminate\\Routing\\Router->runRoute()
#23 /home/faisal/new dev/DEV/Naqi/naqi-ess-full/vendor/laravel/framework/src/Illuminate/Routing/Router.php(739): Illuminate\\Routing\\Router->dispatchToRoute()
#24 /home/faisal/new dev/DEV/Naqi/naqi-ess-full/vendor/laravel/framework/src/Illuminate/Foundation/Http/Kernel.php(201): Illuminate\\Routing\\Router->dispatch()
#25 /home/faisal/new dev/DEV/Naqi/naqi-ess-full/vendor/laravel/framework/src/Illuminate/Pipeline/Pipeline.php(170): Illuminate\\Foundation\\Http\\Kernel->{closure:Illuminate\\Foundation\\Http\\Kernel::dispatchToRouter():198}()
#26 /home/faisal/new dev/DEV/Naqi/naqi-ess-full/vendor/laravel/framework/src/Illuminate/Foundation/Http/Middleware/TransformsRequest.php(21): Illuminate\\Pipeline\\Pipeline->{closure:Illuminate\\Pipeline\\Pipeline::prepareDestination():168}()
#27 /home/faisal/new dev/DEV/Naqi/naqi-ess-full/vendor/laravel/framework/src/Illuminate/Foundation/Http/Middleware/ConvertEmptyStringsToNull.php(31): Illuminate\\Foundation\\Http\\Middleware\\TransformsRequest->handle()
#28 /home/faisal/new dev/DEV/Naqi/naqi-ess-full/vendor/laravel/framework/src/Illuminate/Pipeline/Pipeline.php(209): Illuminate\\Foundation\\Http\\Middleware\\ConvertEmptyStringsToNull->handle()
#29 /home/faisal/new dev/DEV/Naqi/naqi-ess-full/vendor/laravel/framework/src/Illuminate/Foundation/Http/Middleware/TransformsRequest.php(21): Illuminate\\Pipeline\\Pipeline->{closure:{closure:Illuminate\\Pipeline\\Pipeline::carry():184}:185}()
#30 /home/faisal/new dev/DEV/Naqi/naqi-ess-full/vendor/laravel/framework/src/Illuminate/Foundation/Http/Middleware/TrimStrings.php(51): Illuminate\\Foundation\\Http\\Middleware\\TransformsRequest->handle()
#31 /home/faisal/new dev/DEV/Naqi/naqi-ess-full/vendor/laravel/framework/src/Illuminate/Pipeline/Pipeline.php(209): Illuminate\\Foundation\\Http\\Middleware\\TrimStrings->handle()
#32 /home/faisal/new dev/DEV/Naqi/naqi-ess-full/vendor/laravel/framework/src/Illuminate/Http/Middleware/ValidatePostSize.php(27): Illuminate\\Pipeline\\Pipeline->{closure:{closure:Illuminate\\Pipeline\\Pipeline::carry():184}:185}()
#33 /home/faisal/new dev/DEV/Naqi/naqi-ess-full/vendor/laravel/framework/src/Illuminate/Pipeline/Pipeline.php(209): Illuminate\\Http\\Middleware\\ValidatePostSize->handle()
#34 /home/faisal/new dev/DEV/Naqi/naqi-ess-full/vendor/laravel/framework/src/Illuminate/Foundation/Http/Middleware/PreventRequestsDuringMaintenance.php(110): Illuminate\\Pipeline\\Pipeline->{closure:{closure:Illuminate\\Pipeline\\Pipeline::carry():184}:185}()
#35 /home/faisal/new dev/DEV/Naqi/naqi-ess-full/vendor/laravel/framework/src/Illuminate/Pipeline/Pipeline.php(209): Illuminate\\Foundation\\Http\\Middleware\\PreventRequestsDuringMaintenance->handle()
#36 /home/faisal/new dev/DEV/Naqi/naqi-ess-full/vendor/laravel/framework/src/Illuminate/Http/Middleware/HandleCors.php(49): Illuminate\\Pipeline\\Pipeline->{closure:{closure:Illuminate\\Pipeline\\Pipeline::carry():184}:185}()
#37 /home/faisal/new dev/DEV/Naqi/naqi-ess-full/vendor/laravel/framework/src/Illuminate/Pipeline/Pipeline.php(209): Illuminate\\Http\\Middleware\\HandleCors->handle()
#38 /home/faisal/new dev/DEV/Naqi/naqi-ess-full/vendor/laravel/framework/src/Illuminate/Http/Middleware/TrustProxies.php(58): Illuminate\\Pipeline\\Pipeline->{closure:{closure:Illuminate\\Pipeline\\Pipeline::carry():184}:185}()
#39 /home/faisal/new dev/DEV/Naqi/naqi-ess-full/vendor/laravel/framework/src/Illuminate/Pipeline/Pipeline.php(209): Illuminate\\Http\\Middleware\\TrustProxies->handle()
#40 /home/faisal/new dev/DEV/Naqi/naqi-ess-full/vendor/laravel/framework/src/Illuminate/Foundation/Http/Middleware/InvokeDeferredCallbacks.php(22): Illuminate\\Pipeline\\Pipeline->{closure:{closure:Illuminate\\Pipeline\\Pipeline::carry():184}:185}()
#41 /home/faisal/new dev/DEV/Naqi/naqi-ess-full/vendor/laravel/framework/src/Illuminate/Pipeline/Pipeline.php(209): Illuminate\\Foundation\\Http\\Middleware\\InvokeDeferredCallbacks->handle()
#42 /home/faisal/new dev/DEV/Naqi/naqi-ess-full/vendor/laravel/framework/src/Illuminate/Pipeline/Pipeline.php(127): Illuminate\\Pipeline\\Pipeline->{closure:{closure:Illuminate\\Pipeline\\Pipeline::carry():184}:185}()
#43 /home/faisal/new dev/DEV/Naqi/naqi-ess-full/vendor/laravel/framework/src/Illuminate/Foundation/Http/Kernel.php(176): Illuminate\\Pipeline\\Pipeline->then()
#44 /home/faisal/new dev/DEV/Naqi/naqi-ess-full/vendor/laravel/framework/src/Illuminate/Foundation/Http/Kernel.php(145): Illuminate\\Foundation\\Http\\Kernel->sendRequestThroughRouter()
#45 /home/faisal/new dev/DEV/Naqi/naqi-ess-full/vendor/laravel/framework/src/Illuminate/Foundation/Application.php(1220): Illuminate\\Foundation\\Http\\Kernel->handle()
#46 /home/faisal/new dev/DEV/Naqi/naqi-ess-full/public/index.php(20): Illuminate\\Foundation\\Application->handleRequest()
#47 /home/faisal/new dev/DEV/Naqi/naqi-ess-full/vendor/laravel/framework/src/Illuminate/Foundation/resources/server.php(23): require_once('...')
#48 {main}
"} 
[2026-07-08 16:35:02] local.ERROR: There are no commands defined in the "optmize" namespace.

Did you mean this?
    optimize {"exception":"[object] (Symfony\\Component\\Console\\Exception\\NamespaceNotFoundException(code: 0): There are no commands defined in the \"optmize\" namespace.

Did you mean this?
    optimize at /home/faisal/new dev/DEV/Naqi/naqi-ess-full/vendor/symfony/console/Application.php:694)
[stacktrace]
#0 /home/faisal/new dev/DEV/Naqi/naqi-ess-full/vendor/symfony/console/Application.php(743): Symfony\\Component\\Console\\Application->findNamespace()
#1 /home/faisal/new dev/DEV/Naqi/naqi-ess-full/vendor/symfony/console/Application.php(298): Symfony\\Component\\Console\\Application->find()
#2 /home/faisal/new dev/DEV/Naqi/naqi-ess-full/vendor/symfony/console/Application.php(195): Symfony\\Component\\Console\\Application->doRun()
#3 /home/faisal/new dev/DEV/Naqi/naqi-ess-full/vendor/laravel/framework/src/Illuminate/Foundation/Console/Kernel.php(198): Symfony\\Component\\Console\\Application->run()
#4 /home/faisal/new dev/DEV/Naqi/naqi-ess-full/vendor/laravel/framework/src/Illuminate/Foundation/Application.php(1235): Illuminate\\Foundation\\Console\\Kernel->handle()
#5 /home/faisal/new dev/DEV/Naqi/naqi-ess-full/artisan(16): Illuminate\\Foundation\\Application->handleCommand()
#6 {main}
"} 
[2026-07-08 16:41:01] local.ERROR: Unable to locate a class or view for component [action-button]. {"userId":1,"exception":"[object] (InvalidArgumentException(code: 0): Unable to locate a class or view for component [action-button]. at /home/faisal/new dev/DEV/Naqi/naqi-ess-full/vendor/laravel/framework/src/Illuminate/View/Compilers/ComponentTagCompiler.php:316)
[stacktrace]
#0 /home/faisal/new dev/DEV/Naqi/naqi-ess-full/vendor/laravel/framework/src/Illuminate/View/Compilers/ComponentTagCompiler.php(236): Illuminate\\View\\Compilers\\ComponentTagCompiler->componentClass()
#1 /home/faisal/new dev/DEV/Naqi/naqi-ess-full/vendor/laravel/framework/src/Illuminate/View/Compilers/ComponentTagCompiler.php(157): Illuminate\\View\\Compilers\\ComponentTagCompiler->componentString()
#2 [internal function]: Illuminate\\View\\Compilers\\ComponentTagCompiler->{closure:Illuminate\\View\\Compilers\\ComponentTagCompiler::compileOpeningTags():152}()
#3 /home/faisal/new dev/DEV/Naqi/naqi-ess-full/vendor/laravel/framework/src/Illuminate/View/Compilers/ComponentTagCompiler.php(152): preg_replace_callback()
#4 /home/faisal/new dev/DEV/Naqi/naqi-ess-full/vendor/laravel/framework/src/Illuminate/View/Compilers/ComponentTagCompiler.php(91): Illuminate\\View\\Compilers\\ComponentTagCompiler->compileOpeningTags()
#5 /home/faisal/new dev/DEV/Naqi/naqi-ess-full/vendor/laravel/framework/src/Illuminate/View/Compilers/ComponentTagCompiler.php(77): Illuminate\\View\\Compilers\\ComponentTagCompiler->compileTags()
#6 /home/faisal/new dev/DEV/Naqi/naqi-ess-full/vendor/laravel/framework/src/Illuminate/View/Compilers/BladeCompiler.php(440): Illuminate\\View\\Compilers\\ComponentTagCompiler->compile()
#7 /home/faisal/new dev/DEV/Naqi/naqi-ess-full/vendor/laravel/framework/src/Illuminate/View/Compilers/BladeCompiler.php(272): Illuminate\\View\\Compilers\\BladeCompiler->compileComponentTags()
#8 /home/faisal/new dev/DEV/Naqi/naqi-ess-full/vendor/laravel/framework/src/Illuminate/View/Compilers/BladeCompiler.php(186): Illuminate\\View\\Compilers\\BladeCompiler->compileString()
#9 /home/faisal/new dev/DEV/Naqi/naqi-ess-full/vendor/laravel/framework/src/Illuminate/View/Engines/CompilerEngine.php(67): Illuminate\\View\\Compilers\\BladeCompiler->compile()
#10 /home/faisal/new dev/DEV/Naqi/naqi-ess-full/vendor/laravel/framework/src/Illuminate/View/View.php(209): Illuminate\\View\\Engines\\CompilerEngine->get()
#11 /home/faisal/new dev/DEV/Naqi/naqi-ess-full/vendor/laravel/framework/src/Illuminate/View/View.php(192): Illuminate\\View\\View->getContents()
#12 /home/faisal/new dev/DEV/Naqi/naqi-ess-full/vendor/laravel/framework/src/Illuminate/View/View.php(161): Illuminate\\View\\View->renderContents()
#13 /home/faisal/new dev/DEV/Naqi/naqi-ess-full/vendor/laravel/framework/src/Illuminate/Http/Response.php(79): Illuminate\\View\\View->render()
#14 /home/faisal/new dev/DEV/Naqi/naqi-ess-full/vendor/laravel/framework/src/Illuminate/Http/Response.php(35): Illuminate\\Http\\Response->setContent()
#15 /home/faisal/new dev/DEV/Naqi/naqi-ess-full/vendor/laravel/framework/src/Illuminate/Routing/Router.php(920): Illuminate\\Http\\Response->__construct()
#16 /home/faisal/new dev/DEV/Naqi/naqi-ess-full/vendor/laravel/framework/src/Illuminate/Routing/Router.php(887): Illuminate\\Routing\\Router::toResponse()
#17 /home/faisal/new dev/DEV/Naqi/naqi-ess-full/vendor/laravel/framework/src/Illuminate/Routing/Router.php(807): Illuminate\\Routing\\Router->prepareResponse()
#18 /home/faisal/new dev/DEV/Naqi/naqi-ess-full/vendor/laravel/framework/src/Illuminate/Pipeline/Pipeline.php(170): Illuminate\\Routing\\Router->{closure:Illuminate\\Routing\\Router::runRouteWithinStack():807}()
#19 /home/faisal/new dev/DEV/Naqi/naqi-ess-full/vendor/spatie/laravel-permission/src/Middleware/PermissionMiddleware.php(37): Illuminate\\Pipeline\\Pipeline->{closure:Illuminate\\Pipeline\\Pipeline::prepareDestination():168}()
#20 /home/faisal/new dev/DEV/Naqi/naqi-ess-full/vendor/laravel/framework/src/Illuminate/Pipeline/Pipeline.php(209): Spatie\\Permission\\Middleware\\PermissionMiddleware->handle()
#21 /home/faisal/new dev/DEV/Naqi/naqi-ess-full/vendor/spatie/laravel-permission/src/Middleware/RoleMiddleware.php(37): Illuminate\\Pipeline\\Pipeline->{closure:{closure:Illuminate\\Pipeline\\Pipeline::carry():184}:185}()
#22 /home/faisal/new dev/DEV/Naqi/naqi-ess-full/vendor/laravel/framework/src/Illuminate/Pipeline/Pipeline.php(209): Spatie\\Permission\\Middleware\\RoleMiddleware->handle()
#23 /home/faisal/new dev/DEV/Naqi/naqi-ess-full/app/Http/Middleware/SetLocale.php(23): Illuminate\\Pipeline\\Pipeline->{closure:{closure:Illuminate\\Pipeline\\Pipeline::carry():184}:185}()
#24 /home/faisal/new dev/DEV/Naqi/naqi-ess-full/vendor/laravel/framework/src/Illuminate/Pipeline/Pipeline.php(209): App\\Http\\Middleware\\SetLocale->handle()
#25 /home/faisal/new dev/DEV/Naqi/naqi-ess-full/vendor/laravel/framework/src/Illuminate/Routing/Middleware/SubstituteBindings.php(51): Illuminate\\Pipeline\\Pipeline->{closure:{closure:Illuminate\\Pipeline\\Pipeline::carry():184}:185}()
#26 /home/faisal/new dev/DEV/Naqi/naqi-ess-full/vendor/laravel/framework/src/Illuminate/Pipeline/Pipeline.php(209): Illuminate\\Routing\\Middleware\\SubstituteBindings->handle()
#27 /home/faisal/new dev/DEV/Naqi/naqi-ess-full/vendor/laravel/framework/src/Illuminate/Auth/Middleware/Authenticate.php(64): Illuminate\\Pipeline\\Pipeline->{closure:{closure:Illuminate\\Pipeline\\Pipeline::carry():184}:185}()
#28 /home/faisal/new dev/DEV/Naqi/naqi-ess-full/vendor/laravel/framework/src/Illuminate/Pipeline/Pipeline.php(209): Illuminate\\Auth\\Middleware\\Authenticate->handle()
#29 /home/faisal/new dev/DEV/Naqi/naqi-ess-full/vendor/laravel/framework/src/Illuminate/Foundation/Http/Middleware/VerifyCsrfToken.php(88): Illuminate\\Pipeline\\Pipeline->{closure:{closure:Illuminate\\Pipeline\\Pipeline::carry():184}:185}()
#30 /home/faisal/new dev/DEV/Naqi/naqi-ess-full/vendor/laravel/framework/src/Illuminate/Pipeline/Pipeline.php(209): Illuminate\\Foundation\\Http\\Middleware\\VerifyCsrfToken->handle()
#31 /home/faisal/new dev/DEV/Naqi/naqi-ess-full/vendor/laravel/framework/src/Illuminate/View/Middleware/ShareErrorsFromSession.php(49): Illuminate\\Pipeline\\Pipeline->{closure:{closure:Illuminate\\Pipeline\\Pipeline::carry():184}:185}()
#32 /home/faisal/new dev/DEV/Naqi/naqi-ess-full/vendor/laravel/framework/src/Illuminate/Pipeline/Pipeline.php(209): Illuminate\\View\\Middleware\\ShareErrorsFromSession->handle()
#33 /home/faisal/new dev/DEV/Naqi/naqi-ess-full/vendor/laravel/framework/src/Illuminate/Session/Middleware/StartSession.php(121): Illuminate\\Pipeline\\Pipeline->{closure:{closure:Illuminate\\Pipeline\\Pipeline::carry():184}:185}()
#34 /home/faisal/new dev/DEV/Naqi/naqi-ess-full/vendor/laravel/framework/src/Illuminate/Session/Middleware/StartSession.php(64): Illuminate\\Session\\Middleware\\StartSession->handleStatefulRequest()
#35 /home/faisal/new dev/DEV/Naqi/naqi-ess-full/vendor/laravel/framework/src/Illuminate/Pipeline/Pipeline.php(209): Illuminate\\Session\\Middleware\\StartSession->handle()
#36 /home/faisal/new dev/DEV/Naqi/naqi-ess-full/vendor/laravel/framework/src/Illuminate/Cookie/Middleware/AddQueuedCookiesToResponse.php(37): Illuminate\\Pipeline\\Pipeline->{closure:{closure:Illuminate\\Pipeline\\Pipeline::carry():184}:185}()
#37 /home/faisal/new dev/DEV/Naqi/naqi-ess-full/vendor/laravel/framework/src/Illuminate/Pipeline/Pipeline.php(209): Illuminate\\Cookie\\Middleware\\AddQueuedCookiesToResponse->handle()
#38 /home/faisal/new dev/DEV/Naqi/naqi-ess-full/vendor/laravel/framework/src/Illuminate/Cookie/Middleware/EncryptCookies.php(75): Illuminate\\Pipeline\\Pipeline->{closure:{closure:Illuminate\\Pipeline\\Pipeline::carry():184}:185}()
#39 /home/faisal/new dev/DEV/Naqi/naqi-ess-full/vendor/laravel/framework/src/Illuminate/Pipeline/Pipeline.php(209): Illuminate\\Cookie\\Middleware\\EncryptCookies->handle()
#40 /home/faisal/new dev/DEV/Naqi/naqi-ess-full/vendor/laravel/framework/src/Illuminate/Pipeline/Pipeline.php(127): Illuminate\\Pipeline\\Pipeline->{closure:{closure:Illuminate\\Pipeline\\Pipeline::carry():184}:185}()
#41 /home/faisal/new dev/DEV/Naqi/naqi-ess-full/vendor/laravel/framework/src/Illuminate/Routing/Router.php(807): Illuminate\\Pipeline\\Pipeline->then()
#42 /home/faisal/new dev/DEV/Naqi/naqi-ess-full/vendor/laravel/framework/src/Illuminate/Routing/Router.php(786): Illuminate\\Routing\\Router->runRouteWithinStack()
#43 /home/faisal/new dev/DEV/Naqi/naqi-ess-full/vendor/laravel/framework/src/Illuminate/Routing/Router.php(750): Illuminate\\Routing\\Router->runRoute()
#44 /home/faisal/new dev/DEV/Naqi/naqi-ess-full/vendor/laravel/framework/src/Illuminate/Routing/Router.php(739): Illuminate\\Routing\\Router->dispatchToRoute()
#45 /home/faisal/new dev/DEV/Naqi/naqi-ess-full/vendor/laravel/framework/src/Illuminate/Foundation/Http/Kernel.php(201): Illuminate\\Routing\\Router->dispatch()
#46 /home/faisal/new dev/DEV/Naqi/naqi-ess-full/vendor/laravel/framework/src/Illuminate/Pipeline/Pipeline.php(170): Illuminate\\Foundation\\Http\\Kernel->{closure:Illuminate\\Foundation\\Http\\Kernel::dispatchToRouter():198}()
#47 /home/faisal/new dev/DEV/Naqi/naqi-ess-full/vendor/laravel/framework/src/Illuminate/Foundation/Http/Middleware/TransformsRequest.php(21): Illuminate\\Pipeline\\Pipeline->{closure:Illuminate\\Pipeline\\Pipeline::prepareDestination():168}()
#48 /home/faisal/new dev/DEV/Naqi/naqi-ess-full/vendor/laravel/framework/src/Illuminate/Foundation/Http/Middleware/ConvertEmptyStringsToNull.php(31): Illuminate\\Foundation\\Http\\Middleware\\TransformsRequest->handle()
#49 /home/faisal/new dev/DEV/Naqi/naqi-ess-full/vendor/laravel/framework/src/Illuminate/Pipeline/Pipeline.php(209): Illuminate\\Foundation\\Http\\Middleware\\ConvertEmptyStringsToNull->handle()
#50 /home/faisal/new dev/DEV/Naqi/naqi-ess-full/vendor/laravel/framework/src/Illuminate/Foundation/Http/Middleware/TransformsRequest.php(21): Illuminate\\Pipeline\\Pipeline->{closure:{closure:Illuminate\\Pipeline\\Pipeline::carry():184}:185}()
#51 /home/faisal/new dev/DEV/Naqi/naqi-ess-full/vendor/laravel/framework/src/Illuminate/Foundation/Http/Middleware/TrimStrings.php(51): Illuminate\\Foundation\\Http\\Middleware\\TransformsRequest->handle()
#52 /home/faisal/new dev/DEV/Naqi/naqi-ess-full/vendor/laravel/framework/src/Illuminate/Pipeline/Pipeline.php(209): Illuminate\\Foundation\\Http\\Middleware\\TrimStrings->handle()
#53 /home/faisal/new dev/DEV/Naqi/naqi-ess-full/vendor/laravel/framework/src/Illuminate/Http/Middleware/ValidatePostSize.php(27): Illuminate\\Pipeline\\Pipeline->{closure:{closure:Illuminate\\Pipeline\\Pipeline::carry():184}:185}()
#54 /home/faisal/new dev/DEV/Naqi/naqi-ess-full/vendor/laravel/framework/src/Illuminate/Pipeline/Pipeline.php(209): Illuminate\\Http\\Middleware\\ValidatePostSize->handle()
#55 /home/faisal/new dev/DEV/Naqi/naqi-ess-full/vendor/laravel/framework/src/Illuminate/Foundation/Http/Middleware/PreventRequestsDuringMaintenance.php(110): Illuminate\\Pipeline\\Pipeline->{closure:{closure:Illuminate\\Pipeline\\Pipeline::carry():184}:185}()
#56 /home/faisal/new dev/DEV/Naqi/naqi-ess-full/vendor/laravel/framework/src/Illuminate/Pipeline/Pipeline.php(209): Illuminate\\Foundation\\Http\\Middleware\\PreventRequestsDuringMaintenance->handle()
#57 /home/faisal/new dev/DEV/Naqi/naqi-ess-full/vendor/laravel/framework/src/Illuminate/Http/Middleware/HandleCors.php(49): Illuminate\\Pipeline\\Pipeline->{closure:{closure:Illuminate\\Pipeline\\Pipeline::carry():184}:185}()
#58 /home/faisal/new dev/DEV/Naqi/naqi-ess-full/vendor/laravel/framework/src/Illuminate/Pipeline/Pipeline.php(209): Illuminate\\Http\\Middleware\\HandleCors->handle()
#59 /home/faisal/new dev/DEV/Naqi/naqi-ess-full/vendor/laravel/framework/src/Illuminate/Http/Middleware/TrustProxies.php(58): Illuminate\\Pipeline\\Pipeline->{closure:{closure:Illuminate\\Pipeline\\Pipeline::carry():184}:185}()
#60 /home/faisal/new dev/DEV/Naqi/naqi-ess-full/vendor/laravel/framework/src/Illuminate/Pipeline/Pipeline.php(209): Illuminate\\Http\\Middleware\\TrustProxies->handle()
#61 /home/faisal/new dev/DEV/Naqi/naqi-ess-full/vendor/laravel/framework/src/Illuminate/Foundation/Http/Middleware/InvokeDeferredCallbacks.php(22): Illuminate\\Pipeline\\Pipeline->{closure:{closure:Illuminate\\Pipeline\\Pipeline::carry():184}:185}()
#62 /home/faisal/new dev/DEV/Naqi/naqi-ess-full/vendor/laravel/framework/src/Illuminate/Pipeline/Pipeline.php(209): Illuminate\\Foundation\\Http\\Middleware\\InvokeDeferredCallbacks->handle()
#63 /home/faisal/new dev/DEV/Naqi/naqi-ess-full/vendor/laravel/framework/src/Illuminate/Pipeline/Pipeline.php(127): Illuminate\\Pipeline\\Pipeline->{closure:{closure:Illuminate\\Pipeline\\Pipeline::carry():184}:185}()
#64 /home/faisal/new dev/DEV/Naqi/naqi-ess-full/vendor/laravel/framework/src/Illuminate/Foundation/Http/Kernel.php(176): Illuminate\\Pipeline\\Pipeline->then()
#65 /home/faisal/new dev/DEV/Naqi/naqi-ess-full/vendor/laravel/framework/src/Illuminate/Foundation/Http/Kernel.php(145): Illuminate\\Foundation\\Http\\Kernel->sendRequestThroughRouter()
#66 /home/faisal/new dev/DEV/Naqi/naqi-ess-full/vendor/laravel/framework/src/Illuminate/Foundation/Application.php(1220): Illuminate\\Foundation\\Http\\Kernel->handle()
#67 /home/faisal/new dev/DEV/Naqi/naqi-ess-full/public/index.php(20): Illuminate\\Foundation\\Application->handleRequest()
#68 /home/faisal/new dev/DEV/Naqi/naqi-ess-full/vendor/laravel/framework/src/Illuminate/Foundation/resources/server.php(23): require_once('...')
#69 {main}
"} 
[2026-07-08 16:56:11] local.ERROR: array_merge(): Argument #2 must be of type array, int given {"exception":"[object] (TypeError(code: 0): array_merge(): Argument #2 must be of type array, int given at /home/faisal/new dev/DEV/Naqi/naqi-ess-full/vendor/laravel/framework/src/Illuminate/Support/ServiceProvider.php:162)
[stacktrace]
#0 /home/faisal/new dev/DEV/Naqi/naqi-ess-full/vendor/laravel/framework/src/Illuminate/Support/ServiceProvider.php(162): array_merge()
#1 /home/faisal/new dev/DEV/Naqi/naqi-ess-full/vendor/kreait/laravel-firebase/src/ServiceProvider.php(27): Illuminate\\Support\\ServiceProvider->mergeConfigFrom()
#2 /home/faisal/new dev/DEV/Naqi/naqi-ess-full/vendor/laravel/framework/src/Illuminate/Foundation/Application.php(896): Kreait\\Laravel\\Firebase\\ServiceProvider->register()
#3 /home/faisal/new dev/DEV/Naqi/naqi-ess-full/vendor/laravel/framework/src/Illuminate/Foundation/ProviderRepository.php(75): Illuminate\\Foundation\\Application->register()
#4 /home/faisal/new dev/DEV/Naqi/naqi-ess-full/vendor/laravel/framework/src/Illuminate/Foundation/Application.php(871): Illuminate\\Foundation\\ProviderRepository->load()
#5 /home/faisal/new dev/DEV/Naqi/naqi-ess-full/vendor/laravel/framework/src/Illuminate/Foundation/Bootstrap/RegisterProviders.php(37): Illuminate\\Foundation\\Application->registerConfiguredProviders()
#6 /home/faisal/new dev/DEV/Naqi/naqi-ess-full/vendor/laravel/framework/src/Illuminate/Foundation/Application.php(342): Illuminate\\Foundation\\Bootstrap\\RegisterProviders->bootstrap()
#7 /home/faisal/new dev/DEV/Naqi/naqi-ess-full/vendor/laravel/framework/src/Illuminate/Foundation/Console/Kernel.php(474): Illuminate\\Foundation\\Application->bootstrapWith()
#8 /home/faisal/new dev/DEV/Naqi/naqi-ess-full/vendor/laravel/framework/src/Illuminate/Foundation/Console/Kernel.php(196): Illuminate\\Foundation\\Console\\Kernel->bootstrap()
#9 Command line code(1): Illuminate\\Foundation\\Console\\Kernel->handle()
#10 {main}
"} 
